#-----------------------------------------------------------
# Vivado v2024.1 (64-bit)
# SW Build 5076996 on Wed May 22 18:37:14 MDT 2024
# IP Build 5075265 on Wed May 22 21:45:21 MDT 2024
# SharedData Build 5076995 on Wed May 22 18:29:18 MDT 2024
# Start of session at: Thu Jan  9 15:50:17 2025
# Process ID: 24972
# Current directory: D:/CelestiCall/Hardwares/IPModules/Sound/Sound Processor/Sound Processor.runs/impl_1
# Command line: vivado.exe -log dsm_test_with_inmp441.vdi -applog -product Vivado -messageDb vivado.pb -mode batch -source dsm_test_with_inmp441.tcl -notrace
# Log file: D:/CelestiCall/Hardwares/IPModules/Sound/Sound Processor/Sound Processor.runs/impl_1/dsm_test_with_inmp441.vdi
# Journal file: D:/CelestiCall/Hardwares/IPModules/Sound/Sound Processor/Sound Processor.runs/impl_1\vivado.jou
# Running On        :DESKTOP-I4589KT
# Platform          :Windows Server 2016 or Windows 10
# Operating System  :22631
# Processor Detail  :AMD Ryzen 5 5600X 6-Core Processor             
# CPU Frequency     :3693 MHz
# CPU Physical cores:6
# CPU Logical cores :12
# Host memory       :34246 MB
# Swap memory       :2147 MB
# Total Virtual     :36394 MB
# Available Virtual :6704 MB
#-----------------------------------------------------------
source dsm_test_with_inmp441.tcl -notrace
