#-----------------------------------------------------------
# Vivado v2023.2 (64-bit)
# SW Build 4029153 on Fri Oct 13 20:14:34 MDT 2023
# IP Build 4028589 on Sat Oct 14 00:45:43 MDT 2023
# SharedData Build 4025554 on Tue Oct 10 17:18:54 MDT 2023
# Start of session at: Sat Jun 29 18:41:20 2024
# Process ID: 34524
# Current directory: D:/CelestiCall/Hardwares/IPModules/Proto_Star/Proto_Star.runs/CPU_system_v_tc_0_2_synth_1
# Command line: vivado.exe -log CPU_system_v_tc_0_2.vds -product Vivado -mode batch -messageDb vivado.pb -notrace -source CPU_system_v_tc_0_2.tcl
# Log file: D:/CelestiCall/Hardwares/IPModules/Proto_Star/Proto_Star.runs/CPU_system_v_tc_0_2_synth_1/CPU_system_v_tc_0_2.vds
# Journal file: D:/CelestiCall/Hardwares/IPModules/Proto_Star/Proto_Star.runs/CPU_system_v_tc_0_2_synth_1\vivado.jou
# Running On: DESKTOP-I4589KT, OS: Windows, CPU Frequency: 3693 MHz, CPU Physical cores: 12, Host memory: 34246 MB
#-----------------------------------------------------------
source CPU_system_v_tc_0_2.tcl -notrace
