#-----------------------------------------------------------
# Vivado v2024.1 (64-bit)
# SW Build 5076996 on Wed May 22 18:37:14 MDT 2024
# IP Build 5075265 on Wed May 22 21:45:21 MDT 2024
# SharedData Build 5076995 on Wed May 22 18:29:18 MDT 2024
# Start of session at: Mon Aug 19 21:06:01 2024
# Process ID: 25204
# Current directory: D:/CelestiCall/Hardwares/VGA-GPU/VGA-GPU.runs/synth_1
# Command line: vivado.exe -log RGB_GPU.vds -product Vivado -mode batch -messageDb vivado.pb -notrace -source RGB_GPU.tcl
# Log file: D:/CelestiCall/Hardwares/VGA-GPU/VGA-GPU.runs/synth_1/RGB_GPU.vds
# Journal file: D:/CelestiCall/Hardwares/VGA-GPU/VGA-GPU.runs/synth_1\vivado.jou
# Running On        :DESKTOP-I4589KT
# Platform          :Windows Server 2016 or Windows 10
# Operating System  :22631
# Processor Detail  :AMD Ryzen 5 5600X 6-Core Processor             
# CPU Frequency     :3693 MHz
# CPU Physical cores:6
# CPU Logical cores :12
# Host memory       :34246 MB
# Swap memory       :2147 MB
# Total Virtual     :36394 MB
# Available Virtual :11343 MB
#-----------------------------------------------------------
source RGB_GPU.tcl -notrace
